alalal gnehsgnoynehc gnituyaix elimssyc
uoyevolinehcnehc
